HI-TECH Software C Compiler 

Linker command line:

--edf=C:\Program Files\HI-TECH Software\PICC\9.71a\dat\en_msgs.txt -cs \
  -h+uart_tx_rx.sym -z -Q16F877A -ol.obj -Muart_tx_rx.map -E1 \
  -ACONST=00h-0FFhx32 -ACODE=00h-07FFhx4 -ASTRCODE=00h-01FFFh \
  -AENTRY=00h-0FFhx32 -ASTRING=00h-0FFhx32 -ABANK0=020h-06Fh \
  -ABANK1=0A0h-0EFh -ABANK2=0110h-016Fh -ABANK3=0190h-01EFh \
  -ARAM=020h-06Fh,0A0h-0EFh,0110h-016Fh,0190h-01EFh \
  -AABS1=020h-07Fh,0A0h-0EFh,0110h-016Fh,0190h-01EFh -ACOMMON=070h-07Fh \
  -ASFR0=00h-01Fh -ASFR1=080h-09Fh -ASFR2=0100h-010Fh -ASFR3=0180h-018Fh \
  -preset_vec=00h,intentry,init,end_init -ppowerup=CODE -pfunctab=CODE \
  -ACONFIG=02007h-02007h -pconfig=CONFIG -DCONFIG=2 -AIDLOC=02000h-02003h \
  -pidloc=IDLOC -DIDLOC=2 -AEEDATA=00h-0FFh/02100h -peeprom_data=EEDATA \
  -DEEDATA=2 -DCODE=2 -DSTRCODE=2 -DSTRING=2 -DCONST=2 -DENTRY=2 -k \
  startup.obj uart_tx_rx.obj 

Object code version is 3.10

Machine type is 16F877A



                Name                               Link     Load   Length Selector   Space Scale
startup.obj     end_init                              0        0        3        0       0
uart_tx_rx.obj  text91                              75B      75B       1E      EB6       0
                text90                              734      734        F      E68       0
                text89                              779      779       1E      EF2       0
                text88                              743      743       18      E86       0
                text87                              797      797       24      F2E       0
                maintext                            7BB      7BB       45      F76       0
                cstackCOMMON                         70       70        4       70       1
                clrtext                             71E      71E        8      E3C       0
                bssBANK0                             20       20       20       20       1
                bssCOMMON                            74       74        1       70       1
                cinit                               726      726        E      E4C       0
                strings                               3        3       12        6       0

TOTAL           Name                               Link     Load   Length     Space
        CLASS   CONST          

        CLASS   CODE           
                end_init                              0        0        3         0
                text91                              75B      75B       1E         0
                text90                              734      734        F         0
                text89                              779      779       1E         0
                text88                              743      743       18         0
                text87                              797      797       24         0
                maintext                            7BB      7BB       45         0
                clrtext                             71E      71E        8         0
                cinit                               726      726        E         0

        CLASS   STRCODE        

        CLASS   ENTRY          

        CLASS   STRING         
                strings                               3        3       12         0

        CLASS   BANK0          
                bssBANK0                             20       20       20         1

        CLASS   BANK1          

        CLASS   BANK2          

        CLASS   BANK3          

        CLASS   RAM            

        CLASS   ABS1           
                abs_s1                               7E       7E        2         1

        CLASS   COMMON         
                cstackCOMMON                         70       70        4         1
                bssCOMMON                            74       74        1         1

        CLASS   SFR0           

        CLASS   SFR1           

        CLASS   SFR2           

        CLASS   SFR3           

        CLASS   CONFIG         

        CLASS   IDLOC          

        CLASS   EEDATA         



SEGMENTS        Name                           Load    Length   Top    Selector   Space  Class     Delta

                reset_vec                      000000  000003  000003         0       0  CODE        2
                strings                        000003  000012  000015         6       0  STRING      2
                bssBANK0                       000020  000020  000040        20       1  BANK0       1
                cstackCOMMON                   000070  000005  000075        70       1  COMMON      1
                clrtext                        00071E  000008  000726       E3C       0  CODE        2
                cinit                          000726  00000E  000734       E4C       0  CODE        2
                text90                         000734  00000F  000743       E68       0  CODE        2
                text88                         000743  000018  00075B       E86       0  CODE        2
                text91                         00075B  00001E  000779       EB6       0  CODE        2
                text89                         000779  00001E  000797       EF2       0  CODE        2
                text87                         000797  000024  0007BB       F2E       0  CODE        2
                maintext                       0007BB  000045  000800       F76       0  CODE        2


UNUSED ADDRESS RANGES

        Name                Unused          Largest block    Delta
        BANK0            0040-006F             30           1
        BANK1            00A0-00EF             50           1
        BANK2            0110-016F             60           1
        BANK3            0190-01EF             60           1
        CODE             0015-071D            709           2
                         0800-1FFF            800
        COMMON           0075-007D              9           1
        CONFIG           2007-2007              1           2
        CONST            0015-071D            100           2
                         0800-1FFF            100
        EEDATA           2100-21FF            100           2
        ENTRY            0015-071D            100           2
                         0800-1FFF            100
        IDLOC            2000-2003              4           2
        RAM              0040-006F             30           1
                         00A0-00EF             50
                         0110-016F             60
                         0190-01EF             60
        SFR0             0000-001F             20           1
        SFR1             0080-009F             20           1
        SFR2             0100-010F             10           1
        SFR3             0180-018F             10           1
        STRCODE          0015-071D            709           2
                         0800-1FFF           1800
        STRING           0015-071D            100           2
                         0800-1FFF            100

                                  Symbol Table

??_delay              cstackCOMMON 0070
??_delay1             cstackCOMMON 0070
??_main               cstackCOMMON 0074
??_uart_init          cstackCOMMON 0070
??_uart_string        cstackCOMMON 0072
??_uart_write         cstackCOMMON 0070
?_delay               cstackCOMMON 0070
?_delay1              cstackCOMMON 0070
?_main                cstackCOMMON 0070
?_uart_init           cstackCOMMON 0070
?_uart_string         cstackCOMMON 0070
?_uart_write          cstackCOMMON 0070
_RCIF                 (abs)        0065
_RCREG                (abs)        001A
_RCSTA                (abs)        0018
_SPBRG                (abs)        0099
_SPEN                 (abs)        00C7
_TRISC                (abs)        0087
_TRMT                 (abs)        04C1
_TXEN                 (abs)        04C5
_TXREG                (abs)        0019
_TXSTA                (abs)        0098
__Habs1               abs1         0000
__Hbank0              bank0        0000
__Hbank1              bank1        0000
__Hbank2              bank2        0000
__Hbank3              bank3        0000
__HbssBANK0           bssBANK0     0000
__HbssCOMMON          bssCOMMON    0000
__Hcinit              cinit        0000
__Hclrtext            clrtext      0000
__Hcode               code         0000
__Hcommon             common       0000
__Hconfig             config       0000
__HcstackCOMMON       cstackCOMMON 0000
__Heeprom_data        eeprom_data  0000
__Hend_init           end_init     0003
__Hfunctab            functab      0000
__Hidloc              idloc        0000
__Hinit               init         0000
__Hintentry           intentry     0000
__Hmaintext           maintext     0000
__Hpowerup            powerup      0000
__Hram                ram          0000
__Hreset_vec          reset_vec    0000
__Hsfr0               sfr0         0000
__Hsfr1               sfr1         0000
__Hsfr2               sfr2         0000
__Hsfr3               sfr3         0000
__Hstrings            strings      0000
__Htext               text         0000
__Labs1               abs1         0000
__Lbank0              bank0        0000
__Lbank1              bank1        0000
__Lbank2              bank2        0000
__Lbank3              bank3        0000
__LbssBANK0           bssBANK0     0000
__LbssCOMMON          bssCOMMON    0000
__Lcinit              cinit        0000
__Lclrtext            clrtext      0000
__Lcode               code         0000
__Lcommon             common       0000
__Lconfig             config       0000
__LcstackCOMMON       cstackCOMMON 0000
__Leeprom_data        eeprom_data  0000
__Lend_init           end_init     0000
__Lfunctab            functab      0000
__Lidloc              idloc        0000
__Linit               init         0000
__Lintentry           intentry     0000
__Lmaintext           maintext     0000
__Lpowerup            powerup      0000
__Lram                ram          0000
__Lreset_vec          reset_vec    0000
__Lsfr0               sfr0         0000
__Lsfr1               sfr1         0000
__Lsfr2               sfr2         0000
__Lsfr3               sfr3         0000
__Lstrings            strings      0000
__Ltext               text         0000
__S0                  (abs)        0800
__S1                  (abs)        0075
__S2                  (abs)        0000
__end_of_delay        text89       0797
__end_of_delay1       text91       0779
__end_of_main         maintext     0800
__end_of_uart_init    text90       0743
__end_of_uart_string  text87       07BB
__end_of_uart_write   text88       075B
__pbssBANK0           bssBANK0     0020
__pbssCOMMON          bssCOMMON    0074
__pcstackCOMMON       cstackCOMMON 0070
__pmaintext           maintext     07BB
__pstrings            strings      0003
__ptext86             text86       0000
__ptext87             text87       0797
__ptext88             text88       0743
__ptext89             text89       0779
__ptext90             text90       0734
__ptext91             text91       075B
__ptext92             text92       0000
__size_of_delay       (abs)        0000
__size_of_delay1      (abs)        0000
__size_of_main        (abs)        0000
__size_of_uart_init   (abs)        0000
__size_of_uart_string (abs)        0000
__size_of_uart_write  (abs)        0000
_delay                text89       0779
_delay1               text91       075B
_exit                 init         0000
_index                bssCOMMON    0074
_main                 maintext     07BB
_temp                 bssBANK0     0020
_uart_init            text90       0734
_uart_string          text87       0797
_uart_write           text88       0743
btemp                 (abs)        007E
clear_ram             clrtext      071E
delay1@i              cstackCOMMON 0070
delay@j               cstackCOMMON 0070
end_of_initialization cinit        0730
intlevel0             functab      0000
intlevel1             functab      0000
intlevel2             functab      0000
intlevel3             functab      0000
intlevel4             functab      0000
intlevel5             functab      0000
reset_vec             reset_vec    0000
start                 init         0000
start_initialization  cinit        0726
uart_string@data      cstackCOMMON 0073
uart_write@data       cstackCOMMON 0070
wtemp0                (abs)        007E
