HI-TECH Software C Compiler 

Linker command line:

--edf=C:\Program Files\HI-TECH Software\PICC\9.71a\dat\en_msgs.txt -cs \
  -h+I^2_C.sym -z -Q16F877A -ol.obj -MI^2_C.map -E1 -ACONST=00h-0FFhx32 \
  -ACODE=00h-07FFhx4 -ASTRCODE=00h-01FFFh -AENTRY=00h-0FFhx32 \
  -ASTRING=00h-0FFhx32 -ABANK0=020h-06Fh -ABANK1=0A0h-0EFh \
  -ABANK2=0110h-016Fh -ABANK3=0190h-01EFh \
  -ARAM=020h-06Fh,0A0h-0EFh,0110h-016Fh,0190h-01EFh \
  -AABS1=020h-07Fh,0A0h-0EFh,0110h-016Fh,0190h-01EFh -ACOMMON=070h-07Fh \
  -ASFR0=00h-01Fh -ASFR1=080h-09Fh -ASFR2=0100h-010Fh -ASFR3=0180h-018Fh \
  -preset_vec=00h,intentry,init,end_init -ppowerup=CODE -pfunctab=CODE \
  -ACONFIG=02007h-02007h -pconfig=CONFIG -DCONFIG=2 -AIDLOC=02000h-02003h \
  -pidloc=IDLOC -DIDLOC=2 -AEEDATA=00h-0FFh/02100h -peeprom_data=EEDATA \
  -DEEDATA=2 -DCODE=2 -DSTRCODE=2 -DSTRING=2 -DCONST=2 -DENTRY=2 -k \
  startup.obj I^2_C.obj 

Object code version is 3.10

Machine type is 16F877A



                Name                               Link     Load   Length Selector   Space Scale
startup.obj     end_init                              0        0        3        0       0
I^2_C.obj       text133                             747      747       1E      E8E       0
                text132                             73A      73A        D      E74       0
                text131                             716      716        C      E2C       0
                text130                             722      722        C      E44       0
                text129                             72E      72E        C      E5C       0
                text128                             765      765       1E      ECA       0
                text127                             783      783       24      F06       0
                maintext                            7A7      7A7       59      F4E       0
                cstackCOMMON                         70       70        4       70       1
                cinit                               712      712        4      E24       0
                strings                               3        3       12        6       0

TOTAL           Name                               Link     Load   Length     Space
        CLASS   CONST          

        CLASS   CODE           
                end_init                              0        0        3         0
                text133                             747      747       1E         0
                text132                             73A      73A        D         0
                text131                             716      716        C         0
                text130                             722      722        C         0
                text129                             72E      72E        C         0
                text128                             765      765       1E         0
                text127                             783      783       24         0
                maintext                            7A7      7A7       59         0
                cinit                               712      712        4         0

        CLASS   STRCODE        

        CLASS   ENTRY          

        CLASS   STRING         
                strings                               3        3       12         0

        CLASS   BANK0          

        CLASS   BANK1          

        CLASS   BANK2          

        CLASS   BANK3          

        CLASS   RAM            

        CLASS   ABS1           
                abs_s1                               7E       7E        2         1

        CLASS   COMMON         
                cstackCOMMON                         70       70        4         1

        CLASS   SFR0           

        CLASS   SFR1           

        CLASS   SFR2           

        CLASS   SFR3           

        CLASS   CONFIG         

        CLASS   IDLOC          

        CLASS   EEDATA         



SEGMENTS        Name                           Load    Length   Top    Selector   Space  Class     Delta

                reset_vec                      000000  000003  000003         0       0  CODE        2
                strings                        000003  000012  000015         6       0  STRING      2
                cstackCOMMON                   000070  000004  000074        70       1  COMMON      1
                cinit                          000712  000004  000716       E24       0  CODE        2
                text131                        000716  00000C  000722       E2C       0  CODE        2
                text130                        000722  00000C  00072E       E44       0  CODE        2
                text129                        00072E  00000C  00073A       E5C       0  CODE        2
                text132                        00073A  00000D  000747       E74       0  CODE        2
                text133                        000747  00001E  000765       E8E       0  CODE        2
                text128                        000765  00001E  000783       ECA       0  CODE        2
                text127                        000783  000024  0007A7       F06       0  CODE        2
                maintext                       0007A7  000059  000800       F4E       0  CODE        2


UNUSED ADDRESS RANGES

        Name                Unused          Largest block    Delta
        BANK0            0020-006F             50           1
        BANK1            00A0-00EF             50           1
        BANK2            0110-016F             60           1
        BANK3            0190-01EF             60           1
        CODE             0015-0711            6FD           2
                         0800-1FFF            800
        COMMON           0074-007D              A           1
        CONFIG           2007-2007              1           2
        CONST            0015-0711            100           2
                         0800-1FFF            100
        EEDATA           2100-21FF            100           2
        ENTRY            0015-0711            100           2
                         0800-1FFF            100
        IDLOC            2000-2003              4           2
        RAM              0020-006F             50           1
                         00A0-00EF             50
                         0110-016F             60
                         0190-01EF             60
        SFR0             0000-001F             20           1
        SFR1             0080-009F             20           1
        SFR2             0100-010F             10           1
        SFR3             0180-018F             10           1
        STRCODE          0015-0711            6FD           2
                         0800-1FFF           1800
        STRING           0015-0711            100           2
                         0800-1FFF            100

                                  Symbol Table

??_I2C_master_init         cstackCOMMON 0070
??_I2C_start               cstackCOMMON 0070
??_I2C_stop                cstackCOMMON 0070
??_I2C_write_byte          cstackCOMMON 0070
??_I2C_write_string        cstackCOMMON 0072
??_delay                   cstackCOMMON 0070
??_delay1                  cstackCOMMON 0070
??_main                    cstackCOMMON 0074
?_I2C_master_init          cstackCOMMON 0070
?_I2C_start                cstackCOMMON 0070
?_I2C_stop                 cstackCOMMON 0070
?_I2C_write_byte           cstackCOMMON 0070
?_I2C_write_string         cstackCOMMON 0070
?_delay                    cstackCOMMON 0070
?_delay1                   cstackCOMMON 0070
?_main                     cstackCOMMON 0070
I2C_write_byte@byte        cstackCOMMON 0070
I2C_write_string@data      cstackCOMMON 0073
_ACKDT                     (abs)        048D
_ACKEN                     (abs)        048C
_ACKSTAT                   (abs)        048E
_ADCON1                    (abs)        009F
_I2C_master_init           text132      073A
_I2C_start                 text131      0716
_I2C_stop                  text130      0722
_I2C_write_byte            text129      072E
_I2C_write_string          text127      0783
_PEN                       (abs)        048A
_PORTB                     (abs)        0006
_PORTE                     (abs)        0009
_RCEN                      (abs)        048B
_RE0                       (abs)        0048
_RE2                       (abs)        004A
_RSEN                      (abs)        0489
_SEN                       (abs)        0488
_SSPADD                    (abs)        0093
_SSPBUF                    (abs)        0013
_SSPCON                    (abs)        0014
_SSPIF                     (abs)        0063
_SSPSTAT                   (abs)        0094
_TRISB                     (abs)        0086
_TRISC                     (abs)        0087
_TRISE                     (abs)        0089
__Habs1                    abs1         0000
__Hbank0                   bank0        0000
__Hbank1                   bank1        0000
__Hbank2                   bank2        0000
__Hbank3                   bank3        0000
__Hcinit                   cinit        0000
__Hclrtext                 clrtext      0000
__Hcode                    code         0000
__Hcommon                  common       0000
__Hconfig                  config       0000
__HcstackCOMMON            cstackCOMMON 0000
__Heeprom_data             eeprom_data  0000
__Hend_init                end_init     0003
__Hfunctab                 functab      0000
__Hidloc                   idloc        0000
__Hinit                    init         0000
__Hintentry                intentry     0000
__Hmaintext                maintext     0000
__Hpowerup                 powerup      0000
__Hram                     ram          0000
__Hreset_vec               reset_vec    0000
__Hsfr0                    sfr0         0000
__Hsfr1                    sfr1         0000
__Hsfr2                    sfr2         0000
__Hsfr3                    sfr3         0000
__Hstrings                 strings      0000
__Htext                    text         0000
__Labs1                    abs1         0000
__Lbank0                   bank0        0000
__Lbank1                   bank1        0000
__Lbank2                   bank2        0000
__Lbank3                   bank3        0000
__Lcinit                   cinit        0000
__Lclrtext                 clrtext      0000
__Lcode                    code         0000
__Lcommon                  common       0000
__Lconfig                  config       0000
__LcstackCOMMON            cstackCOMMON 0000
__Leeprom_data             eeprom_data  0000
__Lend_init                end_init     0000
__Lfunctab                 functab      0000
__Lidloc                   idloc        0000
__Linit                    init         0000
__Lintentry                intentry     0000
__Lmaintext                maintext     0000
__Lpowerup                 powerup      0000
__Lram                     ram          0000
__Lreset_vec               reset_vec    0000
__Lsfr0                    sfr0         0000
__Lsfr1                    sfr1         0000
__Lsfr2                    sfr2         0000
__Lsfr3                    sfr3         0000
__Lstrings                 strings      0000
__Ltext                    text         0000
__S0                       (abs)        0800
__S1                       (abs)        0074
__S2                       (abs)        0000
__end_of_I2C_master_init   text132      0747
__end_of_I2C_start         text131      0722
__end_of_I2C_stop          text130      072E
__end_of_I2C_write_byte    text129      073A
__end_of_I2C_write_string  text127      07A7
__end_of_delay             text128      0783
__end_of_delay1            text133      0765
__end_of_main              maintext     0800
__pcstackCOMMON            cstackCOMMON 0070
__pmaintext                maintext     07A7
__pstrings                 strings      0003
__ptext126                 text126      0000
__ptext127                 text127      0783
__ptext128                 text128      0765
__ptext129                 text129      072E
__ptext130                 text130      0722
__ptext131                 text131      0716
__ptext132                 text132      073A
__ptext133                 text133      0747
__ptext134                 text134      0000
__size_of_I2C_master_init  (abs)        0000
__size_of_I2C_start        (abs)        0000
__size_of_I2C_stop         (abs)        0000
__size_of_I2C_write_byte   (abs)        0000
__size_of_I2C_write_string (abs)        0000
__size_of_delay            (abs)        0000
__size_of_delay1           (abs)        0000
__size_of_main             (abs)        0000
_delay                     text128      0765
_delay1                    text133      0747
_exit                      init         0000
_main                      maintext     07A7
btemp                      (abs)        007E
delay1@i                   cstackCOMMON 0070
delay@i                    cstackCOMMON 0070
end_of_initialization      cinit        0712
intlevel0                  functab      0000
intlevel1                  functab      0000
intlevel2                  functab      0000
intlevel3                  functab      0000
intlevel4                  functab      0000
intlevel5                  functab      0000
reset_vec                  reset_vec    0000
start                      init         0000
start_initialization       cinit        0712
wtemp0                     (abs)        007E
